// Jest Snapshot v1, https://goo.gl/fbAQLP

exports[`Difference The differente between 0, 0, 7 and 8 is -56 1`] = `"DIFFERENCE = -56"`;

exports[`Difference The differente between 5, 6, -7 and 8 is 86 1`] = `"DIFFERENCE = 86"`;

exports[`Difference The differente between 5, 6, 7 and 8 is -26 1`] = `"DIFFERENCE = -26"`;
